Archive member included to satisfy reference by file (symbol)

e:/program files (x86)/gnu tools arm embedded/8 2019-q3-update/bin/../lib/gcc/arm-none-eabi/8.3.1/../../../../arm-none-eabi/lib/thumb/v7-m/nofp\libg.a(lib_a-errno.o)
                              CMakeFiles/ConnectionCabin.elf.dir/Core/Src/syscalls.c.obj (__errno)
e:/program files (x86)/gnu tools arm embedded/8 2019-q3-update/bin/../lib/gcc/arm-none-eabi/8.3.1/../../../../arm-none-eabi/lib/thumb/v7-m/nofp\libg.a(lib_a-exit.o)
                              e:/program files (x86)/gnu tools arm embedded/8 2019-q3-update/bin/../lib/gcc/arm-none-eabi/8.3.1/../../../../arm-none-eabi/lib/thumb/v7-m/nofp/crt0.o (exit)
e:/program files (x86)/gnu tools arm embedded/8 2019-q3-update/bin/../lib/gcc/arm-none-eabi/8.3.1/../../../../arm-none-eabi/lib/thumb/v7-m/nofp\libg.a(lib_a-impure.o)
                              e:/program files (x86)/gnu tools arm embedded/8 2019-q3-update/bin/../lib/gcc/arm-none-eabi/8.3.1/../../../../arm-none-eabi/lib/thumb/v7-m/nofp\libg.a(lib_a-exit.o) (_global_impure_ptr)
e:/program files (x86)/gnu tools arm embedded/8 2019-q3-update/bin/../lib/gcc/arm-none-eabi/8.3.1/../../../../arm-none-eabi/lib/thumb/v7-m/nofp\libg.a(lib_a-init.o)
                              e:/program files (x86)/gnu tools arm embedded/8 2019-q3-update/bin/../lib/gcc/arm-none-eabi/8.3.1/../../../../arm-none-eabi/lib/thumb/v7-m/nofp/crt0.o (__libc_init_array)
e:/program files (x86)/gnu tools arm embedded/8 2019-q3-update/bin/../lib/gcc/arm-none-eabi/8.3.1/../../../../arm-none-eabi/lib/thumb/v7-m/nofp\libg.a(lib_a-memset.o)
                              e:/program files (x86)/gnu tools arm embedded/8 2019-q3-update/bin/../lib/gcc/arm-none-eabi/8.3.1/../../../../arm-none-eabi/lib/thumb/v7-m/nofp/crt0.o (memset)
e:/program files (x86)/gnu tools arm embedded/8 2019-q3-update/bin/../lib/gcc/arm-none-eabi/8.3.1/../../../../arm-none-eabi/lib/thumb/v7-m/nofp\libg.a(lib_a-__call_atexit.o)
                              e:/program files (x86)/gnu tools arm embedded/8 2019-q3-update/bin/../lib/gcc/arm-none-eabi/8.3.1/../../../../arm-none-eabi/lib/thumb/v7-m/nofp\libg.a(lib_a-exit.o) (__call_exitprocs)
e:/program files (x86)/gnu tools arm embedded/8 2019-q3-update/bin/../lib/gcc/arm-none-eabi/8.3.1/../../../../arm-none-eabi/lib/thumb/v7-m/nofp\libg.a(lib_a-atexit.o)
                              e:/program files (x86)/gnu tools arm embedded/8 2019-q3-update/bin/../lib/gcc/arm-none-eabi/8.3.1/../../../../arm-none-eabi/lib/thumb/v7-m/nofp\libg.a(lib_a-__call_atexit.o) (atexit)
e:/program files (x86)/gnu tools arm embedded/8 2019-q3-update/bin/../lib/gcc/arm-none-eabi/8.3.1/../../../../arm-none-eabi/lib/thumb/v7-m/nofp\libg.a(lib_a-fini.o)
                              e:/program files (x86)/gnu tools arm embedded/8 2019-q3-update/bin/../lib/gcc/arm-none-eabi/8.3.1/../../../../arm-none-eabi/lib/thumb/v7-m/nofp\libg.a(lib_a-__call_atexit.o) (__libc_fini_array)
e:/program files (x86)/gnu tools arm embedded/8 2019-q3-update/bin/../lib/gcc/arm-none-eabi/8.3.1/../../../../arm-none-eabi/lib/thumb/v7-m/nofp\libg.a(lib_a-lock.o)
                              e:/program files (x86)/gnu tools arm embedded/8 2019-q3-update/bin/../lib/gcc/arm-none-eabi/8.3.1/../../../../arm-none-eabi/lib/thumb/v7-m/nofp\libg.a(lib_a-__call_atexit.o) (__retarget_lock_acquire_recursive)
e:/program files (x86)/gnu tools arm embedded/8 2019-q3-update/bin/../lib/gcc/arm-none-eabi/8.3.1/../../../../arm-none-eabi/lib/thumb/v7-m/nofp\libg.a(lib_a-__atexit.o)
                              e:/program files (x86)/gnu tools arm embedded/8 2019-q3-update/bin/../lib/gcc/arm-none-eabi/8.3.1/../../../../arm-none-eabi/lib/thumb/v7-m/nofp\libg.a(lib_a-atexit.o) (__register_exitproc)

Allocating common symbols
Common symbol       size              file

__lock___atexit_recursive_mutex
                    0x1               e:/program files (x86)/gnu tools arm embedded/8 2019-q3-update/bin/../lib/gcc/arm-none-eabi/8.3.1/../../../../arm-none-eabi/lib/thumb/v7-m/nofp\libg.a(lib_a-lock.o)
__lock___arc4random_mutex
                    0x1               e:/program files (x86)/gnu tools arm embedded/8 2019-q3-update/bin/../lib/gcc/arm-none-eabi/8.3.1/../../../../arm-none-eabi/lib/thumb/v7-m/nofp\libg.a(lib_a-lock.o)
__lock___env_recursive_mutex
                    0x1               e:/program files (x86)/gnu tools arm embedded/8 2019-q3-update/bin/../lib/gcc/arm-none-eabi/8.3.1/../../../../arm-none-eabi/lib/thumb/v7-m/nofp\libg.a(lib_a-lock.o)
__lock___sinit_recursive_mutex
                    0x1               e:/program files (x86)/gnu tools arm embedded/8 2019-q3-update/bin/../lib/gcc/arm-none-eabi/8.3.1/../../../../arm-none-eabi/lib/thumb/v7-m/nofp\libg.a(lib_a-lock.o)
__lock___malloc_recursive_mutex
                    0x1               e:/program files (x86)/gnu tools arm embedded/8 2019-q3-update/bin/../lib/gcc/arm-none-eabi/8.3.1/../../../../arm-none-eabi/lib/thumb/v7-m/nofp\libg.a(lib_a-lock.o)
[...]
Memory Configuration

Name             Origin             Length             Attributes
RAM              0x20000000         0x00005000         xrw
FLASH            0x08000000         0x00010000         xr
*default*        0x00000000         0xffffffff

Linker script and memory map

LOAD e:/program files (x86)/gnu tools arm embedded/8 2019-q3-update/bin/../lib/gcc/arm-none-eabi/8.3.1/thumb/v7-m/nofp/crti.o
LOAD e:/program files (x86)/gnu tools arm embedded/8 2019-q3-update/bin/../lib/gcc/arm-none-eabi/8.3.1/thumb/v7-m/nofp/crtbegin.o
LOAD e:/program files (x86)/gnu tools arm embedded/8 2019-q3-update/bin/../lib/gcc/arm-none-eabi/8.3.1/../../../../arm-none-eabi/lib/thumb/v7-m/nofp/crt0.o
LOAD CMakeFiles/ConnectionCabin.elf.dir/Core/Src/gpio.c.obj
LOAD CMakeFiles/ConnectionCabin.elf.dir/Core/Src/main.c.obj
LOAD CMakeFiles/ConnectionCabin.elf.dir/Core/Src/stm32f1xx_hal_msp.c.obj
LOAD CMakeFiles/ConnectionCabin.elf.dir/Core/Src/stm32f1xx_it.c.obj
LOAD CMakeFiles/ConnectionCabin.elf.dir/Core/Src/syscalls.c.obj
LOAD CMakeFiles/ConnectionCabin.elf.dir/Core/Src/sysmem.c.obj
LOAD CMakeFiles/ConnectionCabin.elf.dir/Core/Src/system_stm32f1xx.c.obj
LOAD CMakeFiles/ConnectionCabin.elf.dir/Core/Startup/startup_stm32f103c8tx.s.obj
LOAD CMakeFiles/ConnectionCabin.elf.dir/Drivers/STM32F1xx_HAL_Driver/Src/stm32f1xx_hal.c.obj
LOAD CMakeFiles/ConnectionCabin.elf.dir/Drivers/STM32F1xx_HAL_Driver/Src/stm32f1xx_hal_cortex.c.obj
LOAD CMakeFiles/ConnectionCabin.elf.dir/Drivers/STM32F1xx_HAL_Driver/Src/stm32f1xx_hal_dma.c.obj
LOAD CMakeFiles/ConnectionCabin.elf.dir/Drivers/STM32F1xx_HAL_Driver/Src/stm32f1xx_hal_exti.c.obj
LOAD CMakeFiles/ConnectionCabin.elf.dir/Drivers/STM32F1xx_HAL_Driver/Src/stm32f1xx_hal_flash.c.obj
LOAD CMakeFiles/ConnectionCabin.elf.dir/Drivers/STM32F1xx_HAL_Driver/Src/stm32f1xx_hal_flash_ex.c.obj
LOAD CMakeFiles/ConnectionCabin.elf.dir/Drivers/STM32F1xx_HAL_Driver/Src/stm32f1xx_hal_gpio.c.obj
LOAD CMakeFiles/ConnectionCabin.elf.dir/Drivers/STM32F1xx_HAL_Driver/Src/stm32f1xx_hal_gpio_ex.c.obj
LOAD CMakeFiles/ConnectionCabin.elf.dir/Drivers/STM32F1xx_HAL_Driver/Src/stm32f1xx_hal_pwr.c.obj
LOAD CMakeFiles/ConnectionCabin.elf.dir/Drivers/STM32F1xx_HAL_Driver/Src/stm32f1xx_hal_rcc.c.obj
LOAD CMakeFiles/ConnectionCabin.elf.dir/Drivers/STM32F1xx_HAL_Driver/Src/stm32f1xx_hal_rcc_ex.c.obj
LOAD CMakeFiles/ConnectionCabin.elf.dir/Drivers/STM32F1xx_HAL_Driver/Src/stm32f1xx_hal_tim.c.obj
LOAD CMakeFiles/ConnectionCabin.elf.dir/Drivers/STM32F1xx_HAL_Driver/Src/stm32f1xx_hal_tim_ex.c.obj
START GROUP
LOAD e:/program files (x86)/gnu tools arm embedded/8 2019-q3-update/bin/../lib/gcc/arm-none-eabi/8.3.1/thumb/v7-m/nofp\libgcc.a
LOAD e:/program files (x86)/gnu tools arm embedded/8 2019-q3-update/bin/../lib/gcc/arm-none-eabi/8.3.1/../../../../arm-none-eabi/lib/thumb/v7-m/nofp\libg.a
LOAD e:/program files (x86)/gnu tools arm embedded/8 2019-q3-update/bin/../lib/gcc/arm-none-eabi/8.3.1/../../../../arm-none-eabi/lib/thumb/v7-m/nofp\libc.a
END GROUP
LOAD e:/program files (x86)/gnu tools arm embedded/8 2019-q3-update/bin/../lib/gcc/arm-none-eabi/8.3.1/thumb/v7-m/nofp/crtend.o
LOAD e:/program files (x86)/gnu tools arm embedded/8 2019-q3-update/bin/../lib/gcc/arm-none-eabi/8.3.1/thumb/v7-m/nofp/crtn.o
                0x20005000                _estack = (ORIGIN (RAM) + LENGTH (RAM))
                0x00000200                _Min_Heap_Size = 0x200
                0x00000400                _Min_Stack_Size = 0x400

.isr_vector     0x08000000      0x10c
                0x08000000                . = ALIGN (0x4)
 *(.isr_vector)
 .isr_vector    0x08000000      0x10c CMakeFiles/ConnectionCabin.elf.dir/Core/Startup/startup_stm32f103c8tx.s.obj
                0x08000000                g_pfnVectors
                0x0800010c                . = ALIGN (0x4)

.text           0x0800010c      0xa38
                0x0800010c                . = ALIGN (0x4)
 *(.text)
 .text          0x0800010c       0x40 e:/program files (x86)/gnu tools arm embedded/8 2019-q3-update/bin/../lib/gcc/arm-none-eabi/8.3.1/thumb/v7-m/nofp/crtbegin.o
 *(.text*)
 .text.MX_GPIO_Init
                0x0800014c       0x30 CMakeFiles/ConnectionCabin.elf.dir/Core/Src/gpio.c.obj
                0x0800014c                MX_GPIO_Init
 .text.Error_Handler
                0x0800017c        0x4 CMakeFiles/ConnectionCabin.elf.dir/Core/Src/main.c.obj
                0x0800017c                Error_Handler
 .text.SystemClock_Config
                0x08000180       0x62 CMakeFiles/ConnectionCabin.elf.dir/Core/Src/main.c.obj
                0x08000180                SystemClock_Config
 .text.main     0x080001e2       0x10 CMakeFiles/ConnectionCabin.elf.dir/Core/Src/main.c.obj
                0x080001e2                main
 *fill*         0x080001f2        0x2 
 .text.HAL_MspInit
                0x080001f4       0x44 CMakeFiles/ConnectionCabin.elf.dir/Core/Src/stm32f1xx_hal_msp.c.obj
                0x080001f4                HAL_MspInit
 .text.NMI_Handler
                0x08000238        0x2 CMakeFiles/ConnectionCabin.elf.dir/Core/Src/stm32f1xx_it.c.obj
                0x08000238                NMI_Handler
 .text.HardFault_Handler
                0x0800023a        0x2 CMakeFiles/ConnectionCabin.elf.dir/Core/Src/stm32f1xx_it.c.obj
                0x0800023a                HardFault_Handler
 .text.MemManage_Handler
                0x0800023c        0x2 CMakeFiles/ConnectionCabin.elf.dir/Core/Src/stm32f1xx_it.c.obj
                0x0800023c                MemManage_Handler
 .text.BusFault_Handler
                0x0800023e        0x2 CMakeFiles/ConnectionCabin.elf.dir/Core/Src/stm32f1xx_it.c.obj
                0x0800023e                BusFault_Handler
 .text.UsageFault_Handler
                0x08000240        0x2 CMakeFiles/ConnectionCabin.elf.dir/Core/Src/stm32f1xx_it.c.obj
                0x08000240                UsageFault_Handler
 .text.SVC_Handler
                0x08000242        0x2 CMakeFiles/ConnectionCabin.elf.dir/Core/Src/stm32f1xx_it.c.obj
                0x08000242                SVC_Handler
 .text.DebugMon_Handler
                0x08000244        0x2 CMakeFiles/ConnectionCabin.elf.dir/Core/Src/stm32f1xx_it.c.obj
                0x08000244                DebugMon_Handler
 .text.PendSV_Handler
                0x08000246        0x2 CMakeFiles/ConnectionCabin.elf.dir/Core/Src/stm32f1xx_it.c.obj
                0x08000246                PendSV_Handler
 .text.SysTick_Handler
                0x08000248        0x8 CMakeFiles/ConnectionCabin.elf.dir/Core/Src/stm32f1xx_it.c.obj
                0x08000248                SysTick_Handler
 .text.SystemInit
                0x08000250        0x2 CMakeFiles/ConnectionCabin.elf.dir/Core/Src/system_stm32f1xx.c.obj
                0x08000250                SystemInit
 *fill*         0x08000252        0x2 
 .text.Reset_Handler
                0x08000254       0x48 CMakeFiles/ConnectionCabin.elf.dir/Core/Startup/startup_stm32f103c8tx.s.obj
                0x08000254                Reset_Handler
 .text.Default_Handler
                0x0800029c        0x2 CMakeFiles/ConnectionCabin.elf.dir/Core/Startup/startup_stm32f103c8tx.s.obj
                0x0800029c                RTC_Alarm_IRQHandler
                0x0800029c                EXTI2_IRQHandler
                0x0800029c                TIM1_CC_IRQHandler
                0x0800029c                PVD_IRQHandler
                0x0800029c                EXTI3_IRQHandler
                0x0800029c                EXTI0_IRQHandler
                0x0800029c                I2C2_EV_IRQHandler
                0x0800029c                ADC1_2_IRQHandler
                0x0800029c                SPI1_IRQHandler
                0x0800029c                TAMPER_IRQHandler
                0x0800029c                DMA1_Channel4_IRQHandler
                0x0800029c                USART3_IRQHandler
                0x0800029c                RTC_IRQHandler
                0x0800029c                DMA1_Channel7_IRQHandler
                0x0800029c                CAN1_RX1_IRQHandler
                0x0800029c                TIM4_IRQHandler
                0x0800029c                I2C1_EV_IRQHandler
                0x0800029c                DMA1_Channel6_IRQHandler
                0x0800029c                TIM3_IRQHandler
                0x0800029c                RCC_IRQHandler
                0x0800029c                TIM1_TRG_COM_IRQHandler
                0x0800029c                DMA1_Channel1_IRQHandler
                0x0800029c                Default_Handler
                0x0800029c                EXTI15_10_IRQHandler
                0x0800029c                EXTI9_5_IRQHandler
                0x0800029c                SPI2_IRQHandler
                0x0800029c                DMA1_Channel5_IRQHandler
                0x0800029c                EXTI4_IRQHandler
                0x0800029c                USB_LP_CAN1_RX0_IRQHandler
                0x0800029c                USB_HP_CAN1_TX_IRQHandler
                0x0800029c                DMA1_Channel3_IRQHandler
                0x0800029c                TIM1_UP_IRQHandler
                0x0800029c                WWDG_IRQHandler
                0x0800029c                TIM2_IRQHandler
                0x0800029c                TIM1_BRK_IRQHandler
                0x0800029c                EXTI1_IRQHandler
                0x0800029c                USART2_IRQHandler
                0x0800029c                I2C2_ER_IRQHandler
                0x0800029c                DMA1_Channel2_IRQHandler
                0x0800029c                CAN1_SCE_IRQHandler
                0x0800029c                FLASH_IRQHandler
                0x0800029c                USART1_IRQHandler
                0x0800029c                I2C1_ER_IRQHandler
                0x0800029c                USBWakeUp_IRQHandler
 *fill*         0x0800029e        0x2 
 .text.HAL_InitTick
                0x080002a0       0x4c CMakeFiles/ConnectionCabin.elf.dir/Drivers/STM32F1xx_HAL_Driver/Src/stm32f1xx_hal.c.obj
                0x080002a0                HAL_InitTick
 .text.HAL_Init
                0x080002ec       0x24 CMakeFiles/ConnectionCabin.elf.dir/Drivers/STM32F1xx_HAL_Driver/Src/stm32f1xx_hal.c.obj
                0x080002ec                HAL_Init
 .text.HAL_IncTick
                0x08000310       0x18 CMakeFiles/ConnectionCabin.elf.dir/Drivers/STM32F1xx_HAL_Driver/Src/stm32f1xx_hal.c.obj
                0x08000310                HAL_IncTick
 .text.HAL_GetTick
                0x08000328        0xc CMakeFiles/ConnectionCabin.elf.dir/Drivers/STM32F1xx_HAL_Driver/Src/stm32f1xx_hal.c.obj
                0x08000328                HAL_GetTick
 .text.HAL_NVIC_SetPriorityGrouping
                0x08000334       0x24 CMakeFiles/ConnectionCabin.elf.dir/Drivers/STM32F1xx_HAL_Driver/Src/stm32f1xx_hal_cortex.c.obj
                0x08000334                HAL_NVIC_SetPriorityGrouping
 .text.HAL_NVIC_SetPriority
                0x08000358       0x68 CMakeFiles/ConnectionCabin.elf.dir/Drivers/STM32F1xx_HAL_Driver/Src/stm32f1xx_hal_cortex.c.obj
                0x08000358                HAL_NVIC_SetPriority
 .text.HAL_SYSTICK_Config
                0x080003c0       0x2c CMakeFiles/ConnectionCabin.elf.dir/Drivers/STM32F1xx_HAL_Driver/Src/stm32f1xx_hal_cortex.c.obj
                0x080003c0                HAL_SYSTICK_Config
 .text.RCC_Delay
                0x080003ec       0x2c CMakeFiles/ConnectionCabin.elf.dir/Drivers/STM32F1xx_HAL_Driver/Src/stm32f1xx_hal_rcc.c.obj
 .text.HAL_RCC_OscConfig
                0x08000418      0x410 CMakeFiles/ConnectionCabin.elf.dir/Drivers/STM32F1xx_HAL_Driver/Src/stm32f1xx_hal_rcc.c.obj
                0x08000418                HAL_RCC_OscConfig
 .text.HAL_RCC_GetSysClockFreq
                0x08000828       0x70 CMakeFiles/ConnectionCabin.elf.dir/Drivers/STM32F1xx_HAL_Driver/Src/stm32f1xx_hal_rcc.c.obj
                0x08000828                HAL_RCC_GetSysClockFreq
 .text.HAL_RCC_ClockConfig
                0x08000898      0x16c CMakeFiles/ConnectionCabin.elf.dir/Drivers/STM32F1xx_HAL_Driver/Src/stm32f1xx_hal_rcc.c.obj
                0x08000898                HAL_RCC_ClockConfig
 .text.__libc_init_array
                0x08000a04       0x48 e:/program files (x86)/gnu tools arm embedded/8 2019-q3-update/bin/../lib/gcc/arm-none-eabi/8.3.1/../../../../arm-none-eabi/lib/thumb/v7-m/nofp\libg.a(lib_a-init.o)
                0x08000a04                __libc_init_array
 .text.startup.register_fini
                0x08000a4c       0x14 e:/program files (x86)/gnu tools arm embedded/8 2019-q3-update/bin/../lib/gcc/arm-none-eabi/8.3.1/../../../../arm-none-eabi/lib/thumb/v7-m/nofp\libg.a(lib_a-__call_atexit.o)
 .text.atexit   0x08000a60        0xc e:/program files (x86)/gnu tools arm embedded/8 2019-q3-update/bin/../lib/gcc/arm-none-eabi/8.3.1/../../../../arm-none-eabi/lib/thumb/v7-m/nofp\libg.a(lib_a-atexit.o)
                0x08000a60                atexit
 .text.__libc_fini_array
                0x08000a6c       0x34 e:/program files (x86)/gnu tools arm embedded/8 2019-q3-update/bin/../lib/gcc/arm-none-eabi/8.3.1/../../../../arm-none-eabi/lib/thumb/v7-m/nofp\libg.a(lib_a-fini.o)
                0x08000a6c                __libc_fini_array
 .text.__retarget_lock_acquire_recursive
                0x08000aa0        0x4 e:/program files (x86)/gnu tools arm embedded/8 2019-q3-update/bin/../lib/gcc/arm-none-eabi/8.3.1/../../../../arm-none-eabi/lib/thumb/v7-m/nofp\libg.a(lib_a-lock.o)
                0x08000aa0                __retarget_lock_acquire_recursive
 .text.__retarget_lock_release_recursive
                0x08000aa4        0x4 e:/program files (x86)/gnu tools arm embedded/8 2019-q3-update/bin/../lib/gcc/arm-none-eabi/8.3.1/../../../../arm-none-eabi/lib/thumb/v7-m/nofp\libg.a(lib_a-lock.o)
                0x08000aa4                __retarget_lock_release_recursive
 .text.__register_exitproc
                0x08000aa8       0x84 e:/program files (x86)/gnu tools arm embedded/8 2019-q3-update/bin/../lib/gcc/arm-none-eabi/8.3.1/../../../../arm-none-eabi/lib/thumb/v7-m/nofp\libg.a(lib_a-__atexit.o)
                0x08000aa8                __register_exitproc
 *(.glue_7)
 .glue_7        0x08000b2c        0x0 linker stubs
 *(.glue_7t)
 .glue_7t       0x08000b2c        0x0 linker stubs
 *(.eh_frame)
 .eh_frame      0x08000b2c        0x0 e:/program files (x86)/gnu tools arm embedded/8 2019-q3-update/bin/../lib/gcc/arm-none-eabi/8.3.1/thumb/v7-m/nofp/crtbegin.o
 *(.init)
 .init          0x08000b2c        0x4 e:/program files (x86)/gnu tools arm embedded/8 2019-q3-update/bin/../lib/gcc/arm-none-eabi/8.3.1/thumb/v7-m/nofp/crti.o
                0x08000b2c                _init
 .init          0x08000b30        0x8 e:/program files (x86)/gnu tools arm embedded/8 2019-q3-update/bin/../lib/gcc/arm-none-eabi/8.3.1/thumb/v7-m/nofp/crtn.o
 *(.fini)
 .fini          0x08000b38        0x4 e:/program files (x86)/gnu tools arm embedded/8 2019-q3-update/bin/../lib/gcc/arm-none-eabi/8.3.1/thumb/v7-m/nofp/crti.o
                0x08000b38                _fini
 .fini          0x08000b3c        0x8 e:/program files (x86)/gnu tools arm embedded/8 2019-q3-update/bin/../lib/gcc/arm-none-eabi/8.3.1/thumb/v7-m/nofp/crtn.o
                0x08000b44                . = ALIGN (0x4)
                0x08000b44                _etext = .

.vfp11_veneer   0x08000b44        0x0
 .vfp11_veneer  0x08000b44        0x0 linker stubs

.v4_bx          0x08000b44        0x0
 .v4_bx         0x08000b44        0x0 linker stubs

.iplt           0x08000b44        0x0
 .iplt          0x08000b44        0x0 e:/program files (x86)/gnu tools arm embedded/8 2019-q3-update/bin/../lib/gcc/arm-none-eabi/8.3.1/thumb/v7-m/nofp/crtbegin.o

.rodata         0x08000b44       0x28
                0x08000b44                . = ALIGN (0x4)
 *(.rodata)
 .rodata        0x08000b44       0x12 CMakeFiles/ConnectionCabin.elf.dir/Drivers/STM32F1xx_HAL_Driver/Src/stm32f1xx_hal_rcc.c.obj
 *(.rodata*)
 *fill*         0x08000b56        0x2 
 .rodata.AHBPrescTable
                0x08000b58       0x10 CMakeFiles/ConnectionCabin.elf.dir/Core/Src/system_stm32f1xx.c.obj
                0x08000b58                AHBPrescTable
 .rodata._global_impure_ptr
                0x08000b68        0x4 e:/program files (x86)/gnu tools arm embedded/8 2019-q3-update/bin/../lib/gcc/arm-none-eabi/8.3.1/../../../../arm-none-eabi/lib/thumb/v7-m/nofp\libg.a(lib_a-impure.o)
                0x08000b68                _global_impure_ptr
                0x08000b6c                . = ALIGN (0x4)

.rel.dyn        0x08000b6c        0x0
 .rel.iplt      0x08000b6c        0x0 e:/program files (x86)/gnu tools arm embedded/8 2019-q3-update/bin/../lib/gcc/arm-none-eabi/8.3.1/thumb/v7-m/nofp/crtbegin.o

.ARM.extab      0x08000b6c        0x0
                0x08000b6c                . = ALIGN (0x4)
 *(.ARM.extab* .gnu.linkonce.armextab.*)
                0x08000b6c                . = ALIGN (0x4)

.ARM            0x08000b6c        0x0
                0x08000b6c                . = ALIGN (0x4)
                0x08000b6c                __exidx_start = .
 *(.ARM.exidx*)
                0x08000b6c                __exidx_end = .
                0x08000b6c                . = ALIGN (0x4)

.preinit_array  0x08000b6c        0x0
                0x08000b6c                . = ALIGN (0x4)
                0x08000b6c                PROVIDE (__preinit_array_start = .)
 *(.preinit_array*)
                0x08000b6c                PROVIDE (__preinit_array_end = .)
                0x08000b6c                . = ALIGN (0x4)

.init_array     0x08000b6c        0x8
                0x08000b6c                . = ALIGN (0x4)
                0x08000b6c                PROVIDE (__init_array_start = .)
 *(SORT_BY_NAME(.init_array.*))
 .init_array.00000
                0x08000b6c        0x4 e:/program files (x86)/gnu tools arm embedded/8 2019-q3-update/bin/../lib/gcc/arm-none-eabi/8.3.1/../../../../arm-none-eabi/lib/thumb/v7-m/nofp\libg.a(lib_a-__call_atexit.o)
 *(.init_array*)
 .init_array    0x08000b70        0x4 e:/program files (x86)/gnu tools arm embedded/8 2019-q3-update/bin/../lib/gcc/arm-none-eabi/8.3.1/thumb/v7-m/nofp/crtbegin.o
                0x08000b74                PROVIDE (__init_array_end = .)
                0x08000b74                . = ALIGN (0x4)

.fini_array     0x08000b74        0x4
                0x08000b74                . = ALIGN (0x4)
                0x08000b74                PROVIDE (__fini_array_start = .)
 *(SORT_BY_NAME(.fini_array.*))
 *(.fini_array*)
 .fini_array    0x08000b74        0x4 e:/program files (x86)/gnu tools arm embedded/8 2019-q3-update/bin/../lib/gcc/arm-none-eabi/8.3.1/thumb/v7-m/nofp/crtbegin.o
                0x08000b78                PROVIDE (__fini_array_end = .)
                0x08000b78                . = ALIGN (0x4)
                0x08000b78                _sidata = LOADADDR (.data)

.data           0x20000000      0x43c load address 0x08000b78
                0x20000000                . = ALIGN (0x4)
                0x20000000                _sdata = .
 *(.data)
 *(.data*)
 .data.SystemCoreClock
                0x20000000        0x4 CMakeFiles/ConnectionCabin.elf.dir/Core/Src/system_stm32f1xx.c.obj
                0x20000000                SystemCoreClock
 .data.uwTickFreq
                0x20000004        0x1 CMakeFiles/ConnectionCabin.elf.dir/Drivers/STM32F1xx_HAL_Driver/Src/stm32f1xx_hal.c.obj
                0x20000004                uwTickFreq
 *fill*         0x20000005        0x3 
 .data.uwTickPrio
                0x20000008        0x4 CMakeFiles/ConnectionCabin.elf.dir/Drivers/STM32F1xx_HAL_Driver/Src/stm32f1xx_hal.c.obj
                0x20000008                uwTickPrio
 *fill*         0x2000000c        0x4 
 .data.impure_data
                0x20000010      0x428 e:/program files (x86)/gnu tools arm embedded/8 2019-q3-update/bin/../lib/gcc/arm-none-eabi/8.3.1/../../../../arm-none-eabi/lib/thumb/v7-m/nofp\libg.a(lib_a-impure.o)
 .data.__atexit_recursive_mutex
                0x20000438        0x4 e:/program files (x86)/gnu tools arm embedded/8 2019-q3-update/bin/../lib/gcc/arm-none-eabi/8.3.1/../../../../arm-none-eabi/lib/thumb/v7-m/nofp\libg.a(lib_a-__call_atexit.o)
                0x20000438                __atexit_recursive_mutex
                0x2000043c                . = ALIGN (0x4)
                0x2000043c                _edata = .

.igot.plt       0x2000043c        0x0 load address 0x08000fb4
 .igot.plt      0x2000043c        0x0 e:/program files (x86)/gnu tools arm embedded/8 2019-q3-update/bin/../lib/gcc/arm-none-eabi/8.3.1/thumb/v7-m/nofp/crtbegin.o
                0x2000043c                . = ALIGN (0x4)

.bss            0x2000043c       0x44 load address 0x08000fb4
                0x2000043c                _sbss = .
                0x2000043c                __bss_start__ = _sbss
 *(.bss)
 .bss           0x2000043c       0x1c e:/program files (x86)/gnu tools arm embedded/8 2019-q3-update/bin/../lib/gcc/arm-none-eabi/8.3.1/thumb/v7-m/nofp/crtbegin.o
 *(.bss*)
 .bss.uwTick    0x20000458        0x4 CMakeFiles/ConnectionCabin.elf.dir/Drivers/STM32F1xx_HAL_Driver/Src/stm32f1xx_hal.c.obj
                0x20000458                uwTick
 *(COMMON)
 COMMON         0x2000045c       0x21 e:/program files (x86)/gnu tools arm embedded/8 2019-q3-update/bin/../lib/gcc/arm-none-eabi/8.3.1/../../../../arm-none-eabi/lib/thumb/v7-m/nofp\libg.a(lib_a-lock.o)
                0x2000045c                __lock___atexit_recursive_mutex
                0x20000460                __lock___arc4random_mutex
                0x20000464                __lock___env_recursive_mutex
                0x20000468                __lock___sinit_recursive_mutex
                0x2000046c                __lock___malloc_recursive_mutex
                0x20000470                __lock___at_quick_exit_mutex
                0x20000474                __lock___dd_hash_mutex
                0x20000478                __lock___tz_mutex
                0x2000047c                __lock___sfp_recursive_mutex
                0x20000480                . = ALIGN (0x4)
 *fill*         0x2000047d        0x3 
                0x20000480                _ebss = .
                0x20000480                __bss_end__ = _ebss

._user_heap_stack
                0x20000480      0x600 load address 0x08000fb4
                0x20000480                . = ALIGN (0x8)
                [!provide]                PROVIDE (end = .)
                0x20000480                PROVIDE (_end = .)
                0x20000680                . = (. + _Min_Heap_Size)
 *fill*         0x20000480      0x200 
                0x20000a80                . = (. + _Min_Stack_Size)
 *fill*         0x20000680      0x400 
                0x20000a80                . = ALIGN (0x8)

/DISCARD/
 libc.a(*)
 libm.a(*)
 libgcc.a(*)

.ARM.attributes
                0x00000000       0x29
 *(.ARM.attributes)
 .ARM.attributes
                0x00000000       0x1d e:/program files (x86)/gnu tools arm embedded/8 2019-q3-update/bin/../lib/gcc/arm-none-eabi/8.3.1/thumb/v7-m/nofp/crti.o
 .ARM.attributes
                0x0000001d       0x2d e:/program files (x86)/gnu tools arm embedded/8 2019-q3-update/bin/../lib/gcc/arm-none-eabi/8.3.1/thumb/v7-m/nofp/crtbegin.o
 .ARM.attributes
                0x0000004a       0x2d CMakeFiles/ConnectionCabin.elf.dir/Core/Src/gpio.c.obj
 .ARM.attributes
                0x00000077       0x2d CMakeFiles/ConnectionCabin.elf.dir/Core/Src/main.c.obj
 .ARM.attributes
                0x000000a4       0x2d CMakeFiles/ConnectionCabin.elf.dir/Core/Src/stm32f1xx_hal_msp.c.obj
 .ARM.attributes
                0x000000d1       0x2d CMakeFiles/ConnectionCabin.elf.dir/Core/Src/stm32f1xx_it.c.obj
 .ARM.attributes
                0x000000fe       0x2d CMakeFiles/ConnectionCabin.elf.dir/Core/Src/system_stm32f1xx.c.obj
 .ARM.attributes
                0x0000012b       0x21 CMakeFiles/ConnectionCabin.elf.dir/Core/Startup/startup_stm32f103c8tx.s.obj
 .ARM.attributes
                0x0000014c       0x2d CMakeFiles/ConnectionCabin.elf.dir/Drivers/STM32F1xx_HAL_Driver/Src/stm32f1xx_hal.c.obj
 .ARM.attributes
                0x00000179       0x2d CMakeFiles/ConnectionCabin.elf.dir/Drivers/STM32F1xx_HAL_Driver/Src/stm32f1xx_hal_cortex.c.obj
 .ARM.attributes
                0x000001a6       0x2d CMakeFiles/ConnectionCabin.elf.dir/Drivers/STM32F1xx_HAL_Driver/Src/stm32f1xx_hal_rcc.c.obj
 .ARM.attributes
                0x000001d3       0x2d e:/program files (x86)/gnu tools arm embedded/8 2019-q3-update/bin/../lib/gcc/arm-none-eabi/8.3.1/../../../../arm-none-eabi/lib/thumb/v7-m/nofp\libg.a(lib_a-impure.o)
 .ARM.attributes
                0x00000200       0x2d e:/program files (x86)/gnu tools arm embedded/8 2019-q3-update/bin/../lib/gcc/arm-none-eabi/8.3.1/../../../../arm-none-eabi/lib/thumb/v7-m/nofp\libg.a(lib_a-init.o)
 .ARM.attributes
                0x0000022d       0x2d e:/program files (x86)/gnu tools arm embedded/8 2019-q3-update/bin/../lib/gcc/arm-none-eabi/8.3.1/../../../../arm-none-eabi/lib/thumb/v7-m/nofp\libg.a(lib_a-__call_atexit.o)
 .ARM.attributes
                0x0000025a       0x2d e:/program files (x86)/gnu tools arm embedded/8 2019-q3-update/bin/../lib/gcc/arm-none-eabi/8.3.1/../../../../arm-none-eabi/lib/thumb/v7-m/nofp\libg.a(lib_a-atexit.o)
 .ARM.attributes
                0x00000287       0x2d e:/program files (x86)/gnu tools arm embedded/8 2019-q3-update/bin/../lib/gcc/arm-none-eabi/8.3.1/../../../../arm-none-eabi/lib/thumb/v7-m/nofp\libg.a(lib_a-fini.o)
 .ARM.attributes
                0x000002b4       0x2d e:/program files (x86)/gnu tools arm embedded/8 2019-q3-update/bin/../lib/gcc/arm-none-eabi/8.3.1/../../../../arm-none-eabi/lib/thumb/v7-m/nofp\libg.a(lib_a-lock.o)
 .ARM.attributes
                0x000002e1       0x2d e:/program files (x86)/gnu tools arm embedded/8 2019-q3-update/bin/../lib/gcc/arm-none-eabi/8.3.1/../../../../arm-none-eabi/lib/thumb/v7-m/nofp\libg.a(lib_a-__atexit.o)
 .ARM.attributes
                0x0000030e       0x1d e:/program files (x86)/gnu tools arm embedded/8 2019-q3-update/bin/../lib/gcc/arm-none-eabi/8.3.1/thumb/v7-m/nofp/crtn.o
OUTPUT(ConnectionCabin.elf elf32-littlearm)

.debug_info     0x00000000     0x2f8e
 .debug_info    0x00000000      0x268 CMakeFiles/ConnectionCabin.elf.dir/Core/Src/gpio.c.obj
 .debug_info    0x00000268      0x3cb CMakeFiles/ConnectionCabin.elf.dir/Core/Src/main.c.obj
 .debug_info    0x00000633      0x2fd CMakeFiles/ConnectionCabin.elf.dir/Core/Src/stm32f1xx_hal_msp.c.obj
 .debug_info    0x00000930      0x239 CMakeFiles/ConnectionCabin.elf.dir/Core/Src/stm32f1xx_it.c.obj
 .debug_info    0x00000b69      0x2c9 CMakeFiles/ConnectionCabin.elf.dir/Core/Src/system_stm32f1xx.c.obj
 .debug_info    0x00000e32       0x22 CMakeFiles/ConnectionCabin.elf.dir/Core/Startup/startup_stm32f103c8tx.s.obj
 .debug_info    0x00000e54      0x831 CMakeFiles/ConnectionCabin.elf.dir/Drivers/STM32F1xx_HAL_Driver/Src/stm32f1xx_hal.c.obj
 .debug_info    0x00001685      0xe58 CMakeFiles/ConnectionCabin.elf.dir/Drivers/STM32F1xx_HAL_Driver/Src/stm32f1xx_hal_cortex.c.obj
 .debug_info    0x000024dd      0xab1 CMakeFiles/ConnectionCabin.elf.dir/Drivers/STM32F1xx_HAL_Driver/Src/stm32f1xx_hal_rcc.c.obj

.debug_abbrev   0x00000000      0xe49
 .debug_abbrev  0x00000000      0x11a CMakeFiles/ConnectionCabin.elf.dir/Core/Src/gpio.c.obj
 .debug_abbrev  0x0000011a      0x197 CMakeFiles/ConnectionCabin.elf.dir/Core/Src/main.c.obj
 .debug_abbrev  0x000002b1      0x12e CMakeFiles/ConnectionCabin.elf.dir/Core/Src/stm32f1xx_hal_msp.c.obj
 .debug_abbrev  0x000003df       0xef CMakeFiles/ConnectionCabin.elf.dir/Core/Src/stm32f1xx_it.c.obj
 .debug_abbrev  0x000004ce      0x151 CMakeFiles/ConnectionCabin.elf.dir/Core/Src/system_stm32f1xx.c.obj
 .debug_abbrev  0x0000061f       0x12 CMakeFiles/ConnectionCabin.elf.dir/Core/Startup/startup_stm32f103c8tx.s.obj
 .debug_abbrev  0x00000631      0x219 CMakeFiles/ConnectionCabin.elf.dir/Drivers/STM32F1xx_HAL_Driver/Src/stm32f1xx_hal.c.obj
 .debug_abbrev  0x0000084a      0x372 CMakeFiles/ConnectionCabin.elf.dir/Drivers/STM32F1xx_HAL_Driver/Src/stm32f1xx_hal_cortex.c.obj
 .debug_abbrev  0x00000bbc      0x28d CMakeFiles/ConnectionCabin.elf.dir/Drivers/STM32F1xx_HAL_Driver/Src/stm32f1xx_hal_rcc.c.obj

.debug_aranges  0x00000000      0x320
 .debug_aranges
                0x00000000       0x20 CMakeFiles/ConnectionCabin.elf.dir/Core/Src/gpio.c.obj
 .debug_aranges
                0x00000020       0x30 CMakeFiles/ConnectionCabin.elf.dir/Core/Src/main.c.obj
 .debug_aranges
                0x00000050       0x20 CMakeFiles/ConnectionCabin.elf.dir/Core/Src/stm32f1xx_hal_msp.c.obj
 .debug_aranges
                0x00000070       0x60 CMakeFiles/ConnectionCabin.elf.dir/Core/Src/stm32f1xx_it.c.obj
 .debug_aranges
                0x000000d0       0x28 CMakeFiles/ConnectionCabin.elf.dir/Core/Src/system_stm32f1xx.c.obj
 .debug_aranges
                0x000000f8       0x28 CMakeFiles/ConnectionCabin.elf.dir/Core/Startup/startup_stm32f103c8tx.s.obj
 .debug_aranges
                0x00000120       0xe0 CMakeFiles/ConnectionCabin.elf.dir/Drivers/STM32F1xx_HAL_Driver/Src/stm32f1xx_hal.c.obj
 .debug_aranges
                0x00000200       0x90 CMakeFiles/ConnectionCabin.elf.dir/Drivers/STM32F1xx_HAL_Driver/Src/stm32f1xx_hal_cortex.c.obj
 .debug_aranges
                0x00000290       0x90 CMakeFiles/ConnectionCabin.elf.dir/Drivers/STM32F1xx_HAL_Driver/Src/stm32f1xx_hal_rcc.c.obj

.debug_ranges   0x00000000      0x300
 .debug_ranges  0x00000000       0x10 CMakeFiles/ConnectionCabin.elf.dir/Core/Src/gpio.c.obj
 .debug_ranges  0x00000010       0x20 CMakeFiles/ConnectionCabin.elf.dir/Core/Src/main.c.obj
 .debug_ranges  0x00000030       0x10 CMakeFiles/ConnectionCabin.elf.dir/Core/Src/stm32f1xx_hal_msp.c.obj
 .debug_ranges  0x00000040       0x50 CMakeFiles/ConnectionCabin.elf.dir/Core/Src/stm32f1xx_it.c.obj
 .debug_ranges  0x00000090       0x18 CMakeFiles/ConnectionCabin.elf.dir/Core/Src/system_stm32f1xx.c.obj
 .debug_ranges  0x000000a8       0x20 CMakeFiles/ConnectionCabin.elf.dir/Core/Startup/startup_stm32f103c8tx.s.obj
 .debug_ranges  0x000000c8       0xd0 CMakeFiles/ConnectionCabin.elf.dir/Drivers/STM32F1xx_HAL_Driver/Src/stm32f1xx_hal.c.obj
 .debug_ranges  0x00000198       0xc8 CMakeFiles/ConnectionCabin.elf.dir/Drivers/STM32F1xx_HAL_Driver/Src/stm32f1xx_hal_cortex.c.obj
 .debug_ranges  0x00000260       0xa0 CMakeFiles/ConnectionCabin.elf.dir/Drivers/STM32F1xx_HAL_Driver/Src/stm32f1xx_hal_rcc.c.obj

.debug_line     0x00000000     0x287d
 .debug_line    0x00000000      0x25d CMakeFiles/ConnectionCabin.elf.dir/Core/Src/gpio.c.obj
 .debug_line    0x0000025d      0x3a2 CMakeFiles/ConnectionCabin.elf.dir/Core/Src/main.c.obj
 .debug_line    0x000005ff      0x270 CMakeFiles/ConnectionCabin.elf.dir/Core/Src/stm32f1xx_hal_msp.c.obj
 .debug_line    0x0000086f      0x31b CMakeFiles/ConnectionCabin.elf.dir/Core/Src/stm32f1xx_it.c.obj
 .debug_line    0x00000b8a      0x326 CMakeFiles/ConnectionCabin.elf.dir/Core/Src/system_stm32f1xx.c.obj
 .debug_line    0x00000eb0       0xa4 CMakeFiles/ConnectionCabin.elf.dir/Core/Startup/startup_stm32f103c8tx.s.obj
 .debug_line    0x00000f54      0x5af CMakeFiles/ConnectionCabin.elf.dir/Drivers/STM32F1xx_HAL_Driver/Src/stm32f1xx_hal.c.obj
 .debug_line    0x00001503      0x701 CMakeFiles/ConnectionCabin.elf.dir/Drivers/STM32F1xx_HAL_Driver/Src/stm32f1xx_hal_cortex.c.obj
 .debug_line    0x00001c04      0xc79 CMakeFiles/ConnectionCabin.elf.dir/Drivers/STM32F1xx_HAL_Driver/Src/stm32f1xx_hal_rcc.c.obj

.debug_str      0x00000000     0x1296
 .debug_str     0x00000000      0x2d2 CMakeFiles/ConnectionCabin.elf.dir/Core/Src/gpio.c.obj
                                0x31f (size before relaxing)
 .debug_str     0x000002d2      0x1cc CMakeFiles/ConnectionCabin.elf.dir/Core/Src/main.c.obj
                                0x472 (size before relaxing)
 .debug_str     0x0000049e       0x7a CMakeFiles/ConnectionCabin.elf.dir/Core/Src/stm32f1xx_hal_msp.c.obj
                                0x359 (size before relaxing)
 .debug_str     0x00000518       0xd7 CMakeFiles/ConnectionCabin.elf.dir/Core/Src/stm32f1xx_it.c.obj
                                0x370 (size before relaxing)
 .debug_str     0x000005ef       0x78 CMakeFiles/ConnectionCabin.elf.dir/Core/Src/system_stm32f1xx.c.obj
                                0x350 (size before relaxing)
 .debug_str     0x00000667       0x56 CMakeFiles/ConnectionCabin.elf.dir/Core/Startup/startup_stm32f103c8tx.s.obj
                                 0x8b (size before relaxing)
 .debug_str     0x000006bd      0x59e CMakeFiles/ConnectionCabin.elf.dir/Drivers/STM32F1xx_HAL_Driver/Src/stm32f1xx_hal.c.obj
                                0x8cd (size before relaxing)
 .debug_str     0x00000c5b      0x3db CMakeFiles/ConnectionCabin.elf.dir/Drivers/STM32F1xx_HAL_Driver/Src/stm32f1xx_hal_cortex.c.obj
                                0x9e9 (size before relaxing)
 .debug_str     0x00001036      0x260 CMakeFiles/ConnectionCabin.elf.dir/Drivers/STM32F1xx_HAL_Driver/Src/stm32f1xx_hal_rcc.c.obj
                                0x71c (size before relaxing)

.comment        0x00000000       0x76
 .comment       0x00000000       0x76 CMakeFiles/ConnectionCabin.elf.dir/Core/Src/gpio.c.obj
                                 0x77 (size before relaxing)
 .comment       0x00000076       0x77 CMakeFiles/ConnectionCabin.elf.dir/Core/Src/main.c.obj
 .comment       0x00000076       0x77 CMakeFiles/ConnectionCabin.elf.dir/Core/Src/stm32f1xx_hal_msp.c.obj
 .comment       0x00000076       0x77 CMakeFiles/ConnectionCabin.elf.dir/Core/Src/stm32f1xx_it.c.obj
 .comment       0x00000076       0x77 CMakeFiles/ConnectionCabin.elf.dir/Core/Src/system_stm32f1xx.c.obj
 .comment       0x00000076       0x77 CMakeFiles/ConnectionCabin.elf.dir/Drivers/STM32F1xx_HAL_Driver/Src/stm32f1xx_hal.c.obj
 .comment       0x00000076       0x77 CMakeFiles/ConnectionCabin.elf.dir/Drivers/STM32F1xx_HAL_Driver/Src/stm32f1xx_hal_cortex.c.obj
 .comment       0x00000076       0x77 CMakeFiles/ConnectionCabin.elf.dir/Drivers/STM32F1xx_HAL_Driver/Src/stm32f1xx_hal_rcc.c.obj

.debug_frame    0x00000000      0x7cc
 .debug_frame   0x00000000       0x28 CMakeFiles/ConnectionCabin.elf.dir/Core/Src/gpio.c.obj
 .debug_frame   0x00000028       0x58 CMakeFiles/ConnectionCabin.elf.dir/Core/Src/main.c.obj
 .debug_frame   0x00000080       0x28 CMakeFiles/ConnectionCabin.elf.dir/Core/Src/stm32f1xx_hal_msp.c.obj
 .debug_frame   0x000000a8       0xa8 CMakeFiles/ConnectionCabin.elf.dir/Core/Src/stm32f1xx_it.c.obj
 .debug_frame   0x00000150       0x30 CMakeFiles/ConnectionCabin.elf.dir/Core/Src/system_stm32f1xx.c.obj
 .debug_frame   0x00000180      0x1cc CMakeFiles/ConnectionCabin.elf.dir/Drivers/STM32F1xx_HAL_Driver/Src/stm32f1xx_hal.c.obj
 .debug_frame   0x0000034c      0x12c CMakeFiles/ConnectionCabin.elf.dir/Drivers/STM32F1xx_HAL_Driver/Src/stm32f1xx_hal_cortex.c.obj
 .debug_frame   0x00000478      0x198 CMakeFiles/ConnectionCabin.elf.dir/Drivers/STM32F1xx_HAL_Driver/Src/stm32f1xx_hal_rcc.c.obj
 .debug_frame   0x00000610       0x2c e:/program files (x86)/gnu tools arm embedded/8 2019-q3-update/bin/../lib/gcc/arm-none-eabi/8.3.1/../../../../arm-none-eabi/lib/thumb/v7-m/nofp\libg.a(lib_a-init.o)
 .debug_frame   0x0000063c       0x5c e:/program files (x86)/gnu tools arm embedded/8 2019-q3-update/bin/../lib/gcc/arm-none-eabi/8.3.1/../../../../arm-none-eabi/lib/thumb/v7-m/nofp\libg.a(lib_a-__call_atexit.o)
 .debug_frame   0x00000698       0x20 e:/program files (x86)/gnu tools arm embedded/8 2019-q3-update/bin/../lib/gcc/arm-none-eabi/8.3.1/../../../../arm-none-eabi/lib/thumb/v7-m/nofp\libg.a(lib_a-atexit.o)
 .debug_frame   0x000006b8       0x34 e:/program files (x86)/gnu tools arm embedded/8 2019-q3-update/bin/../lib/gcc/arm-none-eabi/8.3.1/../../../../arm-none-eabi/lib/thumb/v7-m/nofp\libg.a(lib_a-fini.o)
 .debug_frame   0x000006ec       0xb0 e:/program files (x86)/gnu tools arm embedded/8 2019-q3-update/bin/../lib/gcc/arm-none-eabi/8.3.1/../../../../arm-none-eabi/lib/thumb/v7-m/nofp\libg.a(lib_a-lock.o)
 .debug_frame   0x0000079c       0x30 e:/program files (x86)/gnu tools arm embedded/8 2019-q3-update/bin/../lib/gcc/arm-none-eabi/8.3.1/../../../../arm-none-eabi/lib/thumb/v7-m/nofp\libg.a(lib_a-__atexit.o)

.debug_loc      0x00000000      0xf4e
 .debug_loc     0x00000000       0x15 CMakeFiles/ConnectionCabin.elf.dir/Core/Src/stm32f1xx_hal_msp.c.obj
 .debug_loc     0x00000015       0xff CMakeFiles/ConnectionCabin.elf.dir/Core/Src/system_stm32f1xx.c.obj
 .debug_loc     0x00000114      0x141 CMakeFiles/ConnectionCabin.elf.dir/Drivers/STM32F1xx_HAL_Driver/Src/stm32f1xx_hal.c.obj
 .debug_loc     0x00000255      0x6db CMakeFiles/ConnectionCabin.elf.dir/Drivers/STM32F1xx_HAL_Driver/Src/stm32f1xx_hal_cortex.c.obj
 .debug_loc     0x00000930      0x61e CMakeFiles/ConnectionCabin.elf.dir/Drivers/STM32F1xx_HAL_Driver/Src/stm32f1xx_hal_rcc.c.obj
